PS C:\Users\d88p\Downloads\geek-university> ni README.md

    Diretório: C:\Users\d88p\Downloads\geek-university


Mode                 LastWriteTime         Length Name                                                    
----                 -------------         ------ ----                                                    
-a----        16/12/2022     17:55              0 README.md                                               


PS C:\Users\d88p\Downloads\geek-university> ls

    Diretório: C:\Users\d88p\Downloads\geek-university
----                 -------------         ------ ----
-a----        16/12/2022     17:56             17 README.md


PS C:\Users\d88p\Downloads\geek-university> git init
Initialized empty Git repository in C:/Users/d88p/Downloads/geek-university/.git/
PS C:\Users\d88p\Downloads\geek-university> git config user.name "Elvir Moraes"
PS C:\Users\d88p\Downloads\geek-university> git config user.email "elvir.moraes@outlook.com"
PS C:\Users\d88p\Downloads\geek-university> git status
No commits yet

Untracked files:
  (use "git add <file>..." to include in what will be committed)
        README.md
nothing added to commit but untracked files present (use "git add" to track)
PS C:\Users\d88p\Downloads\geek-university> git add .\README.md
[master (root-commit) a51992b] Criação do arquivo README
 1 file changed, 1 insertion(+)
 create mode 100644 README.md
PS C:\Users\d88p\Downloads\geek-university> git remote add origin https://github.com/elvirmoraes-git/geek-university.git
PS C:\Users\d88p\Downloads\geek-university> git push -u origin master
PS C:\Users\d88p\Downloads\geek-university> git push -u origin master
info: please complete authentication in your browser...
Enumerating objects: 3, done.
Counting objects: 100% (3/3), done.
Total 3 (delta 0), reused 0 (delta 0), pack-reused 0
To https://github.com/elvirmoraes-git/geek-university.git
 * [new branch]      master -> master
branch 'master' set up to track 'origin/master'.
PS C:\Users\d88p\Downloads\geek-university> git remote -v
origin  https://github.com/elvirmoraes-git/geek-university.git (fetch)
origin  https://github.com/elvirmoraes-git/geek-university.git (push)
PS C:\Users\d88p\Downloads\geek-university> ni novo.txt
    Diretório: C:\Users\d88p\Downloads\geek-university


----                 -------------         ------ ----
-a----        16/12/2022     18:09              0 novo.txt


PS C:\Users\d88p\Downloads\geek-university> git status
On branch master
Your branch is up to date with 'origin/master'.

Untracked files:

nothing added to commit but untracked files present (use "git add" to track)
PS C:\Users\d88p\Downloads\geek-university> git add .\novo.txt
PS C:\Users\d88p\Downloads\geek-university> git commit -m "Adicionando novo arquivo"
[master f196e1e] Adicionando novo arquivo
 1 file changed, 0 insertions(+), 0 deletions(-)
 create mode 100644 novo.txt
PS C:\Users\d88p\Downloads\geek-university> git push -u origin master
Enumerating objects: 4, done.
Counting objects: 100% (4/4), done.
Compressing objects: 100% (2/2), done.
Writing objects: 100% (3/3), 290 bytes | 145.00 KiB/s, done.
Total 3 (delta 0), reused 0 (delta 0), pack-reused 0
To https://github.com/elvirmoraes-git/geek-university.git
   a51992b..f196e1e  master -> master
branch 'master' set up to track 'origin/master'.
PS C:\Users\d88p\Downloads\geek-university> git config credential.helper store
PS C:\Users\d88p\Downloads\geek-university> ni outro.txt
    Diretório: C:\Users\d88p\Downloads\geek-university


----                 -------------         ------ ----
-a----        16/12/2022     18:12              0 outro.txt


PS C:\Users\d88p\Downloads\geek-university> git status
On branch master
Your branch is up to date with 'origin/master'.

Untracked files:
        outro.txt

nothing added to commit but untracked files present (use "git add" to track)
PS C:\Users\d88p\Downloads\geek-university> git add .\outro.txt
PS C:\Users\d88p\Downloads\geek-university> git commit -m "Criando outro arquivo"
[master 3ba72ba] Criando outro arquivo
 1 file changed, 0 insertions(+), 0 deletions(-)
 create mode 100644 outro.txt
PS C:\Users\d88p\Downloads\geek-university> git push -u origin master
Enumerating objects: 3, done.
Delta compression using up to 8 threads
Compressing objects: 100% (2/2), done.
Writing objects: 100% (2/2), 287 bytes | 71.00 KiB/s, done.
Total 2 (delta 0), reused 0 (delta 0), pack-reused 0
To https://github.com/elvirmoraes-git/geek-university.git
   f196e1e..3ba72ba  master -> master
branch 'master' set up to track 'origin/master'.
PS C:\Users\d88p\Downloads\geek-university> ni maisum.txt
    Diretório: C:\Users\d88p\Downloads\geek-university


----                 -------------         ------ ----
-a----        16/12/2022     18:14              0 maisum.txt


PS C:\Users\d88p\Downloads\geek-university> git status
On branch master
Your branch is up to date with 'origin/master'.

Untracked files:
  (use "git add <file>..." to include in what will be committed)
PS C:\Users\d88p\Downloads\geek-university> git add .\maisum.txt
PS C:\Users\d88p\Downloads\geek-university> git commit -m "Adicionando mais um arquivo"
[master f070ad1] Adicionando mais um arquivo
 1 file changed, 0 insertions(+), 0 deletions(-)
 create mode 100644 maisum.txt
PS C:\Users\d88p\Downloads\geek-university> git push -u origin master
Enumerating objects: 3, done.
Counting objects: 100% (3/3), done.
Delta compression using up to 8 threads
Compressing objects: 100% (2/2), done.
Writing objects: 100% (2/2), 249 bytes | 124.00 KiB/s, done.
Total 2 (delta 1), reused 0 (delta 0), pack-reused 0
remote: Resolving deltas: 100% (1/1), completed with 1 local object.
To https://github.com/elvirmoraes-git/geek-university.git
   3ba72ba..f070ad1  master -> master
branch 'master' set up to track 'origin/master'.
PS C:\Users\d88p\Downloads\geek-university>

                                            git remote -v
origin  https://github.com/elvirmoraes-git/geek-university.git (fetch)
origin  https://github.com/elvirmoraes-git/geek-university.git (push)
PS C:\Users\d88p\Downloads\geek-university> 